CHROMOSOME_I	10000000114	7
CHROMOSOME_I	10000000167	3
CHROMOSOME_I	10000000168	13
