CHROMOSOME_I	10000000002	1
CHROMOSOME_I	10000000003	25
CHROMOSOME_I	10000000004	26
CHROMOSOME_I	10000000005	26
CHROMOSOME_I	10000000006	27
CHROMOSOME_I	10000000007	27
CHROMOSOME_I	10000000008	27
CHROMOSOME_I	10000000009	27
CHROMOSOME_I	10000000010	27
CHROMOSOME_I	10000000011	34
CHROMOSOME_I	10000000012	37
CHROMOSOME_I	10000000013	38
CHROMOSOME_I	10000000014	38
CHROMOSOME_I	10000000015	45
CHROMOSOME_I	10000000016	45
CHROMOSOME_I	10000000017	45
CHROMOSOME_I	10000000018	45
CHROMOSOME_I	10000000019	45
CHROMOSOME_I	10000000020	45
CHROMOSOME_I	10000000021	45
CHROMOSOME_I	10000000022	45
CHROMOSOME_I	10000000023	45
CHROMOSOME_I	10000000024	45
CHROMOSOME_I	10000000025	45
CHROMOSOME_I	10000000026	45
CHROMOSOME_I	10000000027	45
CHROMOSOME_I	10000000028	45
CHROMOSOME_I	10000000029	44
CHROMOSOME_I	10000000030	45
CHROMOSOME_I	10000000031	45
CHROMOSOME_I	10000000032	45
CHROMOSOME_I	10000000033	45
CHROMOSOME_I	10000000034	45
CHROMOSOME_I	10000000035	45
CHROMOSOME_I	10000000036	45
CHROMOSOME_I	10000000037	45
CHROMOSOME_I	10000000038	45
CHROMOSOME_I	10000000039	45
CHROMOSOME_I	10000000040	45
CHROMOSOME_I	10000000041	45
CHROMOSOME_I	10000000042	45
CHROMOSOME_I	10000000043	45
CHROMOSOME_I	10000000044	45
CHROMOSOME_I	10000000045	45
CHROMOSOME_I	10000000046	45
CHROMOSOME_I	10000000047	45
CHROMOSOME_I	10000000048	45
CHROMOSOME_I	10000000049	45
CHROMOSOME_I	10000000050	45
CHROMOSOME_I	10000000051	45
CHROMOSOME_I	10000000052	45
CHROMOSOME_I	10000000053	45
CHROMOSOME_I	10000000054	45
CHROMOSOME_I	10000000055	45
CHROMOSOME_I	10000000056	45
CHROMOSOME_I	10000000057	45
CHROMOSOME_I	10000000058	45
CHROMOSOME_I	10000000059	45
CHROMOSOME_I	10000000060	45
CHROMOSOME_I	10000000061	45
CHROMOSOME_I	10000000062	45
CHROMOSOME_I	10000000063	45
CHROMOSOME_I	10000000064	45
CHROMOSOME_I	10000000065	45
CHROMOSOME_I	10000000066	45
CHROMOSOME_I	10000000067	45
CHROMOSOME_I	10000000068	45
CHROMOSOME_I	10000000069	45
CHROMOSOME_I	10000000070	45
CHROMOSOME_I	10000000071	45
CHROMOSOME_I	10000000072	45
CHROMOSOME_I	10000000073	45
CHROMOSOME_I	10000000074	45
CHROMOSOME_I	10000000075	45
CHROMOSOME_I	10000000076	45
CHROMOSOME_I	10000000077	45
CHROMOSOME_I	10000000078	45
CHROMOSOME_I	10000000079	45
CHROMOSOME_I	10000000080	45
CHROMOSOME_I	10000000081	45
CHROMOSOME_I	10000000082	45
CHROMOSOME_I	10000000083	45
CHROMOSOME_I	10000000084	45
CHROMOSOME_I	10000000085	45
CHROMOSOME_I	10000000086	45
CHROMOSOME_I	10000000087	45
CHROMOSOME_I	10000000088	45
CHROMOSOME_I	10000000089	45
CHROMOSOME_I	10000000090	45
CHROMOSOME_I	10000000091	45
CHROMOSOME_I	10000000092	45
CHROMOSOME_I	10000000093	45
CHROMOSOME_I	10000000094	45
CHROMOSOME_I	10000000095	45
CHROMOSOME_I	10000000096	45
CHROMOSOME_I	10000000097	45
CHROMOSOME_I	10000000098	45
CHROMOSOME_I	10000000099	45
CHROMOSOME_I	10000000100	45
CHROMOSOME_I	10000000101	45
CHROMOSOME_I	10000000102	45
CHROMOSOME_I	10000000103	19
CHROMOSOME_I	10000000104	19
CHROMOSOME_I	10000000105	19
CHROMOSOME_I	10000000106	18
CHROMOSOME_I	10000000107	18
CHROMOSOME_I	10000000108	18
CHROMOSOME_I	10000000109	18
CHROMOSOME_I	10000000110	18
CHROMOSOME_I	10000000111	11
CHROMOSOME_I	10000000112	8
CHROMOSOME_I	10000000113	7
CHROMOSOME_I	10000000114	7
CHROMOSOME_I	10000000167	3
CHROMOSOME_I	10000000168	13
CHROMOSOME_I	10000000169	13
CHROMOSOME_I	10000000170	22
CHROMOSOME_I	10000000171	24
CHROMOSOME_I	10000000172	24
CHROMOSOME_I	10000000173	36
CHROMOSOME_I	10000000174	37
CHROMOSOME_I	10000000175	37
CHROMOSOME_I	10000000176	43
CHROMOSOME_I	10000000177	44
CHROMOSOME_I	10000000178	44
CHROMOSOME_I	10000000179	50
CHROMOSOME_I	10000000180	50
CHROMOSOME_I	10000000181	50
CHROMOSOME_I	10000000182	50
CHROMOSOME_I	10000000183	50
CHROMOSOME_I	10000000184	50
CHROMOSOME_I	10000000185	50
CHROMOSOME_I	10000000186	50
CHROMOSOME_I	10000000187	50
CHROMOSOME_I	10000000188	50
CHROMOSOME_I	10000000189	50
CHROMOSOME_I	10000000190	50
CHROMOSOME_I	10000000191	50
CHROMOSOME_I	10000000192	50
CHROMOSOME_I	10000000193	50
CHROMOSOME_I	10000000194	50
CHROMOSOME_I	10000000195	50
CHROMOSOME_I	10000000196	50
CHROMOSOME_I	10000000197	50
CHROMOSOME_I	10000000198	50
CHROMOSOME_I	10000000199	50
CHROMOSOME_I	10000000200	50
CHROMOSOME_I	10000000201	50
CHROMOSOME_I	10000000202	50
CHROMOSOME_I	10000000203	50
CHROMOSOME_I	10000000204	50
CHROMOSOME_I	10000000205	50
CHROMOSOME_I	10000000206	50
CHROMOSOME_I	10000000207	50
CHROMOSOME_I	10000000208	50
CHROMOSOME_I	10000000209	50
CHROMOSOME_I	10000000210	50
CHROMOSOME_I	10000000211	50
CHROMOSOME_I	10000000212	50
CHROMOSOME_I	10000000213	50
CHROMOSOME_I	10000000214	50
CHROMOSOME_I	10000000215	50
CHROMOSOME_I	10000000216	50
CHROMOSOME_I	10000000217	50
CHROMOSOME_I	10000000218	50
CHROMOSOME_I	10000000219	50
CHROMOSOME_I	10000000220	50
CHROMOSOME_I	10000000221	50
CHROMOSOME_I	10000000222	50
CHROMOSOME_I	10000000223	50
CHROMOSOME_I	10000000224	50
CHROMOSOME_I	10000000225	50
CHROMOSOME_I	10000000226	50
CHROMOSOME_I	10000000227	50
CHROMOSOME_I	10000000228	50
CHROMOSOME_I	10000000229	50
CHROMOSOME_I	10000000230	50
CHROMOSOME_I	10000000231	50
CHROMOSOME_I	10000000232	50
CHROMOSOME_I	10000000233	50
CHROMOSOME_I	10000000234	50
CHROMOSOME_I	10000000235	50
CHROMOSOME_I	10000000236	50
CHROMOSOME_I	10000000237	50
CHROMOSOME_I	10000000238	50
CHROMOSOME_I	10000000239	50
CHROMOSOME_I	10000000240	50
CHROMOSOME_I	10000000241	50
CHROMOSOME_I	10000000242	50
CHROMOSOME_I	10000000243	50
CHROMOSOME_I	10000000244	50
CHROMOSOME_I	10000000245	50
CHROMOSOME_I	10000000246	50
CHROMOSOME_I	10000000247	50
CHROMOSOME_I	10000000248	50
CHROMOSOME_I	10000000249	50
CHROMOSOME_I	10000000250	50
CHROMOSOME_I	10000000251	50
CHROMOSOME_I	10000000252	50
CHROMOSOME_I	10000000253	50
CHROMOSOME_I	10000000254	50
CHROMOSOME_I	10000000255	50
CHROMOSOME_I	10000000256	50
CHROMOSOME_I	10000000257	50
CHROMOSOME_I	10000000258	50
CHROMOSOME_I	10000000259	50
CHROMOSOME_I	10000000260	50
CHROMOSOME_I	10000000261	50
CHROMOSOME_I	10000000262	50
CHROMOSOME_I	10000000263	50
CHROMOSOME_I	10000000264	50
CHROMOSOME_I	10000000265	50
CHROMOSOME_I	10000000266	50
CHROMOSOME_I	10000000267	47
CHROMOSOME_I	10000000268	37
CHROMOSOME_I	10000000269	37
CHROMOSOME_I	10000000270	28
CHROMOSOME_I	10000000271	26
CHROMOSOME_I	10000000272	26
CHROMOSOME_I	10000000273	14
CHROMOSOME_I	10000000274	13
CHROMOSOME_I	10000000275	13
CHROMOSOME_I	10000000276	7
CHROMOSOME_I	10000000277	6
CHROMOSOME_I	10000000278	6
