 10000000001          10000000021         10000000041         10000000061       
NNNNNNNNNNNNN*NNNNNNNNNNNNNNNNNNNNNNNNNNNNNNNNNNNNNNNNNNNNNNNNNNNNNNNNNNNNNNNNNN
  KCTAAGCCTAA GCCTAAGCCTAAGCCTAAGCCTAAGCCTAAGCCTAAGCCTAAGCCTAAGCCTAAGCCTAAGCCTAA
  cctagccctaa*ccctaaccctaaccct*agcctaagcctaagcctaagcctaagcctaagcctaagcctaagcctaa
   CTAAGCCTAA*GCCTAAGCCTAAGCCTAAGCCTAAGCCTAAGCCTAAGCCTAAGCCTAAGCCTAAGCCTAAGCCTAA
   ctaagcctaa*atctaagcctaaccctaagcctaagcctaagcctaagcctaagcctaagcctaagcctaagcctaa
   ctaagcctaa*gcctaagcctaagcctaagcctaagcctaagcctaagcctaagcctaagcctaagcctaagcctaa
   ctaagcctaa*gcctaagcctaagcctaagcctaagcctaagcctaagcctaagcctaagcctaagcctaagcctaa
   ctaagcctaa*gcctaagcctaagcctaagcctaagcctaagcctaagcctaagcctaagcctaagcctaagcctaa
   ctaagcctaa*gcctaagcctaagcctaagcctaagcctaagcctaagcctaagcctaagcctaagcctaagcctaa
   ctaagcctaa*gcctaagcctaagcctaagcctaagcctaagcctaagcctaagcctaagcctaagcctaagcctaa
   ctaagcctaa*gcctaagcctaagcctaagcctaagcctaagcctaagcctaagcctaagcctaagcctaagcctaa
   ctaagcctaa*gcctaagcctaagcctaagcctaagcctaagcctaagcctaagcctaagcctaagcctaagcctaa
   ctaagcctaa*gcctaagcctaagcctaagcctaagcctaagcctaagcctaagcctaagcctaagcctaagcctaa
   ctaagcctaa*gcctaagcctaagcctaagcctaagcctaagcctaagcctaagcctaagcctaagcctaagcctaa
   ctaagcctaa*gcctaagcctaagcctaagcctaagcctaagcctaagcctaagcctaagcctaagcctaagcctaa
   ctaagcctaa*gcctaagcctaagcctaagcctaagcctaagcctaagcctaagcctaagcctaagcctaagcctaa
   ctaagcctaa*gcctaagcctaagcctaagcctaagcctaagcctaagcctaagcctaagcctaagcctaagcctaa
   ctaagcctaa*gcctaagcctaagcctaagcctaagcctaagcctaagcctaagcctaagcctaagcctaagcctaa
   ctaagcctaa*gcctaagcctaagcctaagcctaagcctaagcctaagcctaagcctaagcctaagcctaagcctaa
   ctaagcctaa*gcctaagcctaagcctaagcctaagcctaagcctaagcctaagcctaagcctaagcctaagcctaa
   ctaagcccca*ccccaacccttagcctaagcctaagcctaagcctaagcctaagcctaagcctaagcctaagcctaa
   ctaagcctaa*gcctaagcctaagcctaagcctaagcctaagcctaagcctaagcctaagcctaagcctaagcctaa
   ctaagcctaa*gcctaagcctaagcctaagcctaagcctaagcctaagcctaagcctaagcctaagcctaagcctaa
   ctaagcctaa*gcctaagcctaagcctaagcctaagcctaagcctaagcctaagcctaagcctaagcctaagcctaa
   ctagggctaa*ccctcagcctaagcctaagcctaagcctaagcctaagcctaaccctaagcctaagcctaagcctaa
   ctaagcctaa*gcctaagcctaagcctaagcctaagcctaagcctaagcctaagcctaagcctaagcctaagcctaa
   ctaatcctag*gcctaagcccaagcctaagcctaagcctaagcctaagcctaagcctaagcctaagcctaagcctaa
    tcttccgatctcctaagcctaagcctaagcctaagcctaagcctaagcctaagcctaagcctaagcctaagcctaa
      agcctaa*gccgaaccctaagcctaagcctaagcctaagcctaagcctaagcctaagcctaagcctaagcctaa
           AA*GCCTAAGCCTAAGCCTAAGCCTAAGCCTAAGCCTAAGCCTAAGCCTAAGCCTAAGATTGGAAGAGC
           aa*gcctaagcctaagcctaagcctaagcctaagcctaagcctaagcctaagcctaagcctaagcctaa
           aa*gcctaagcctaagcctaagcctaagcctaagcctaagcctaagcctaagcctaagcctaagcctaa
           aa*gcctaagcctaagcctaagcctaagcctaagcctaagcctaagcctaagcctaagcctaagcctaa
           aa*gcctaagcctaagcctaagcctaagcctaagcctaagcctaagcctaagcctaagcctaagcctaa
           aa*gcctaagcctaagcctaagcctaagcctaagcctaagcctaagcctaagcctaagcctaagcctaa
           aa*gcctaagcctaagcctaagcctaagcctaagcctaagcctaagcctaagcctaagcctaagcctaa
            A*GCCTAAGCCTAAGCCTAAGCCTAAGCCTAAGCCTAAGCCTAAGCCTAAGCCTAAGCCTAAGCCTAA
            A*GCCTAAGCCTAAGCCTAAGCCTAAGCCTAAGCCTAAGCCTAAGCCTAAGCCTAAGCCTAAGCCTAA
            c*gcctacgcctacgcctaagcctaagcctaagcctaagcctaagcctaagcctaagcctaagcctaa
              GCCTAAGCCTAAGCCTAAGCCTAAGCCTAAGCCTAAGCCTAAGCCTAAGCCTAAGCCTAAACCTAA
                cacagcctacgtctaagcctaagcctaagcctaagcctaagcctaagcctaagcctaagcctaa
                ccaagccgaagcctaagcctaagcctaagcctaagcctaagcctaagcctaagcctaagcctaa
                cgaagccagagcctaggcctaagcctaagcctaagcctaagcctaagcctaagcctaagcctaa
                ctgagccgaagcctaagcctaagcctaagcctaagcctaagcctaagcctaagcctaagcctaa
                ctgagcctgagcctaagcctaagcctaagcctaagcctaagcctaagcctaagcctaagcctaa
                ataagcctaatcctaagcctaagcctaagcctaagcctaagcctaagcctaagcctaagcctaa
                cgaaccctaagcctaagcctaagcctaagcctaagcctaagcctaagcctaagcctaagcctaa
