@ref1_grp1_p001 1:N:0:AC
AC
+
""
@ref1_grp1_p002 1:N:0:AATT
AATT
+
""""
@ref1_grp2_p001 1:N:0:TG
TG
+
ab
