@ref1_grp1_p001/1	ba:B:c,-128,0,127	bb:B:C,0,127,255	bc:B:s,-32768,0,32767	bd:B:S,0,32768,65535	be:B:i,-2147483648,0,2147483647	bf:B:I,0,2147483648,4294967295	bg:B:f,2.71828,6.626e-34,2.9979e+09
CGAGCTCGGT
+
!!!!!!!!!!
