c2	1	C	7	^!.^!.^!.^!.^!.^!.^!.	!~~~~~~
c2	2	C	7	TT-2AAT-2AAT-2AAT-1ATT+3GGG-5AATAA	!~~~~~~
c2	3	A	7	.****.*	>~~~~~~
c2	4	A	7	.**+1G-1T*+2GG-1TC+2GG.+1G-1T*	@~~~~~~
c2	5	T	7	..-2AA*+1G-2AA*+2GG-2AAC+2GG*+1G*	@~~~~~~
c2	6	A	7	.***C-1A.*	=~~~~~~
c2	7	A	7	.****.*+3GGG	1~~~~~~
c2	8	N	7	TTTTTTT	!~~~~~~
c2	9	N	7	C$C$C$C$C$C$C$	!~~~~~~
