c1	1	A	9	^!.^!.^!.^!.^!.^!.^!.^!.^!.	~~~~~~~~~
c1	2	A	9	.........-3CCG	~~~~~~~~~
c1	3	C	9	........*	~~~~~~~~~
c1	4	C	9	........-1G*	~~~~~~~~~
c1	5	G	9	....+6GTTAAC.+6*TTAA*.+6GTT***.+6***AAC*+6**TA**-1C*+6GTTAAC-3CGG	~~~~~~~~~
c1	6	C	9	.......**	~~~~~~~~~
c1	7	G	9	........*	~~~~~~~~~
c1	8	G	9	........*	~~~~~~~~~
c1	9	T	9	.........	~~~~~~~~~
c1	10	T	9	.$.$.$.$.$.$.$.$.$	~~~~~~~~~
