ref1	1	N	0	*	*	*	*	*	*	*	*
ref1	2	N	0	*	*	*	*	*	*	*	*
ref1	3	N	0	*	*	*	*	*	*	*	*
ref1	4	N	0	*	*	*	*	*	*	*	*
ref1	5	N	0	*	*	*	*	*	*	*	*
ref1	6	N	0	*	*	*	*	*	*	*	*
ref1	7	N	0	*	*	*	*	*	*	*	*
ref1	8	N	0	*	*	*	*	*	*	*	*
ref1	9	N	0	*	*	*	*	*	*	*	*
ref1	10	N	0	*	*	*	*	*	*	*	*
ref1	11	N	0	*	*	*	*	*	*	*	*
ref1	12	N	0	*	*	*	*	*	*	*	*
ref1	13	N	0	*	*	*	*	*	*	*	*
ref1	14	N	0	*	*	*	*	*	*	*	*
ref1	15	N	0	*	*	*	*	*	*	*	*
ref1	16	N	0	*	*	*	*	*	*	*	*
ref1	17	N	0	*	*	*	*	*	*	*	*
ref1	18	N	0	*	*	*	*	*	*	*	*
ref1	19	N	0	*	*	*	*	*	*	*	*
ref1	20	N	0	*	*	*	*	*	*	*	*
ref1	21	N	0	*	*	*	*	*	*	*	*
ref1	22	N	0	*	*	*	*	*	*	*	*
ref1	23	N	0	*	*	*	*	*	*	*	*
ref1	24	N	0	*	*	*	*	*	*	*	*
ref1	25	N	0	*	*	*	*	*	*	*	*
ref1	26	N	0	*	*	*	*	*	*	*	*
ref1	27	N	1	^.g	.	1	ref1_grp2_p001	147	27	0	grp2
ref1	28	N	1	a	.	2	ref1_grp2_p001	147	27	0	grp2
ref1	29	N	2	g^/g	./	3,1	ref1_grp2_p001,ref1_grp1_p002	147,147	27,29	0,0	grp2,grp1
ref1	30	N	2	tt	./	4,2	ref1_grp2_p001,ref1_grp1_p002	147,147	27,29	0,0	grp2,grp1
ref1	31	N	3	cc^0c	./0	5,3,1	ref1_grp2_p001,ref1_grp1_p002,ref1_grp2_p002	147,147,147	27,29,31	0,0,0	grp2,grp1,grp2
ref1	32	N	3	ggg	./0	6,4,2	ref1_grp2_p001,ref1_grp1_p002,ref1_grp2_p002	147,147,147	27,29,31	0,0,0	grp2,grp1,grp2
ref1	33	N	4	aaa^1a	./01	7,5,3,1	ref1_grp2_p001,ref1_grp1_p002,ref1_grp2_p002,ref1_grp1_p003	147,147,147,147	27,29,31,33	0,0,0,0	grp2,grp1,grp2,grp1
ref1	34	N	4	cccc	./01	8,6,4,2	ref1_grp2_p001,ref1_grp1_p002,ref1_grp2_p002,ref1_grp1_p003	147,147,147,147	27,29,31,33	0,0,0,0	grp2,grp1,grp2,grp1
ref1	35	N	5	cccc^2c	./012	9,7,5,3,1	ref1_grp2_p001,ref1_grp1_p002,ref1_grp2_p002,ref1_grp1_p003,ref1_grp2_p003	147,147,147,147,147	27,29,31,33,35	0,0,0,0,0	grp2,grp1,grp2,grp1,grp2
ref1	36	N	5	t$tttt	./012	10,8,6,4,2	ref1_grp2_p001,ref1_grp1_p002,ref1_grp2_p002,ref1_grp1_p003,ref1_grp2_p003	147,147,147,147,147	27,29,31,33,35	0,0,0,0,0	grp2,grp1,grp2,grp1,grp2
ref1	37	N	5	gggg^3g	/0123	9,7,5,3,1	ref1_grp1_p002,ref1_grp2_p002,ref1_grp1_p003,ref1_grp2_p003,ref1_grp1_p004	147,147,147,147,147	29,31,33,35,37	0,0,0,0,0	grp1,grp2,grp1,grp2,grp1
ref1	38	N	5	c$cccc	/0123	10,8,6,4,2	ref1_grp1_p002,ref1_grp2_p002,ref1_grp1_p003,ref1_grp2_p003,ref1_grp1_p004	147,147,147,147,147	29,31,33,35,37	0,0,0,0,0	grp1,grp2,grp1,grp2,grp1
ref1	39	N	5	aaaa^4a	01234	9,7,5,3,1	ref1_grp2_p002,ref1_grp1_p003,ref1_grp2_p003,ref1_grp1_p004,ref1_grp2_p004	147,147,147,147,147	31,33,35,37,39	0,0,0,0,0	grp2,grp1,grp2,grp1,grp2
ref1	40	N	5	g$gggg	01234	10,8,6,4,2	ref1_grp2_p002,ref1_grp1_p003,ref1_grp2_p003,ref1_grp1_p004,ref1_grp2_p004	147,147,147,147,147	31,33,35,37,39	0,0,0,0,0	grp2,grp1,grp2,grp1,grp2
ref1	41	N	5	gggg^5g	12345	9,7,5,3,1	ref1_grp1_p003,ref1_grp2_p003,ref1_grp1_p004,ref1_grp2_p004,ref1_grp1_p005	147,147,147,147,147	33,35,37,39,41	0,0,0,0,0	grp1,grp2,grp1,grp2,grp1
ref1	42	N	5	c$cccc	12345	10,8,6,4,2	ref1_grp1_p003,ref1_grp2_p003,ref1_grp1_p004,ref1_grp2_p004,ref1_grp1_p005	147,147,147,147,147	33,35,37,39,41	0,0,0,0,0	grp1,grp2,grp1,grp2,grp1
ref1	43	N	5	aaaa^6a	23456	9,7,5,3,1	ref1_grp2_p003,ref1_grp1_p004,ref1_grp2_p004,ref1_grp1_p005,ref1_grp2_p005	147,147,147,147,147	35,37,39,41,43	0,0,0,0,0	grp2,grp1,grp2,grp1,grp2
ref1	44	N	5	t$tttt	23456	10,8,6,4,2	ref1_grp2_p003,ref1_grp1_p004,ref1_grp2_p004,ref1_grp1_p005,ref1_grp2_p005	147,147,147,147,147	35,37,39,41,43	0,0,0,0,0	grp2,grp1,grp2,grp1,grp2
ref1	45	N	5	gggg^7g	34567	9,7,5,3,1	ref1_grp1_p004,ref1_grp2_p004,ref1_grp1_p005,ref1_grp2_p005,ref1_grp1_p006	147,147,147,147,147	37,39,41,43,45	0,0,0,0,0	grp1,grp2,grp1,grp2,grp1
ref1	46	N	5	c$cccc	34567	10,8,6,4,2	ref1_grp1_p004,ref1_grp2_p004,ref1_grp1_p005,ref1_grp2_p005,ref1_grp1_p006	147,147,147,147,147	37,39,41,43,45	0,0,0,0,0	grp1,grp2,grp1,grp2,grp1
ref1	47	N	5	aaaa^8a	45678	9,7,5,3,1	ref1_grp2_p004,ref1_grp1_p005,ref1_grp2_p005,ref1_grp1_p006,ref1_grp2_p006	147,147,147,147,147	39,41,43,45,47	0,0,0,0,0	grp2,grp1,grp2,grp1,grp2
ref1	48	N	5	a$aaaa	45678	10,8,6,4,2	ref1_grp2_p004,ref1_grp1_p005,ref1_grp2_p005,ref1_grp1_p006,ref1_grp2_p006	147,147,147,147,147	39,41,43,45,47	0,0,0,0,0	grp2,grp1,grp2,grp1,grp2
ref1	49	N	4	gggg	5678	9,7,5,3	ref1_grp1_p005,ref1_grp2_p005,ref1_grp1_p006,ref1_grp2_p006	147,147,147,147	41,43,45,47	0,0,0,0	grp1,grp2,grp1,grp2
ref1	50	N	4	c$ccc	5678	10,8,6,4	ref1_grp1_p005,ref1_grp2_p005,ref1_grp1_p006,ref1_grp2_p006	147,147,147,147	41,43,45,47	0,0,0,0	grp1,grp2,grp1,grp2
ref1	51	N	3	ttt	678	9,7,5	ref1_grp2_p005,ref1_grp1_p006,ref1_grp2_p006	147,147,147	43,45,47	0,0,0	grp2,grp1,grp2
ref1	52	N	3	t$tt	678	10,8,6	ref1_grp2_p005,ref1_grp1_p006,ref1_grp2_p006	147,147,147	43,45,47	0,0,0	grp2,grp1,grp2
ref1	53	N	2	gg	78	9,7	ref1_grp1_p006,ref1_grp2_p006	147,147	45,47	0,0	grp1,grp2
ref1	54	N	2	a$a	78	10,8	ref1_grp1_p006,ref1_grp2_p006	147,147	45,47	0,0	grp1,grp2
ref1	55	N	1	g	8	9	ref1_grp2_p006	147	47	0	grp2
ref1	56	N	1	t$	8	10	ref1_grp2_p006	147	47	0	grp2
ref2	1	N	1	^~a	~	1	ref2_grp3_p001	83	1	0	grp3
ref2	2	N	1	t	~	2	ref2_grp3_p001	83	1	0	grp3
ref2	3	N	1	t	~	3	ref2_grp3_p001	83	1	0	grp3
ref2	4	N	1	c	~	4	ref2_grp3_p001	83	1	0	grp3
ref2	5	N	1	t	~	5	ref2_grp3_p001	83	1	0	grp3
ref2	6	N	1	a	~	6	ref2_grp3_p001	83	1	0	grp3
ref2	7	N	1	t	~	7	ref2_grp3_p001	83	1	0	grp3
ref2	8	N	1	a	~	8	ref2_grp3_p001	83	1	0	grp3
ref2	9	N	1	g	~	9	ref2_grp3_p001	83	1	0	grp3
ref2	10	N	1	t	~	10	ref2_grp3_p001	83	1	0	grp3
ref2	11	N	1	g	~	11	ref2_grp3_p001	83	1	0	grp3
ref2	12	N	1	t	~	12	ref2_grp3_p001	83	1	0	grp3
ref2	13	N	1	c	~	13	ref2_grp3_p001	83	1	0	grp3
ref2	14	N	1	a	~	14	ref2_grp3_p001	83	1	0	grp3
ref2	15	N	1	c$	~	15	ref2_grp3_p001	83	1	0	grp3
ref2	16	N	1	^~c	}	1	ref2_grp3_p002	147	16	0	grp3
ref2	17	N	1	t	}	2	ref2_grp3_p002	147	16	0	grp3
ref2	18	N	1	a	}	3	ref2_grp3_p002	147	16	0	grp3
ref2	19	N	1	a	}	4	ref2_grp3_p002	147	16	0	grp3
ref2	20	N	1	a	}	5	ref2_grp3_p002	147	16	0	grp3
ref2	21	N	1	t	}	6	ref2_grp3_p002	147	16	0	grp3
ref2	22	N	1	a	}	7	ref2_grp3_p002	147	16	0	grp3
ref2	23	N	1	g	}	8	ref2_grp3_p002	147	16	0	grp3
ref2	24	N	1	c	}	9	ref2_grp3_p002	147	16	0	grp3
ref2	25	N	1	t	}	10	ref2_grp3_p002	147	16	0	grp3
ref2	26	N	1	t	}	11	ref2_grp3_p002	147	16	0	grp3
ref2	27	N	1	g	}	12	ref2_grp3_p002	147	16	0	grp3
ref2	28	N	1	g	}	13	ref2_grp3_p002	147	16	0	grp3
ref2	29	N	1	c	}	14	ref2_grp3_p002	147	16	0	grp3
ref2	30	N	1	g$	}	15	ref2_grp3_p002	147	16	0	grp3
ref2	31	N	1	^~C	|	1	ref2_grp3_p001	163	31	13	grp3
ref2	32	N	1	T	|	2	ref2_grp3_p001	163	31	13	grp3
ref2	33	N	1	G	|	3	ref2_grp3_p001	163	31	13	grp3
ref2	34	N	1	T	|	4	ref2_grp3_p001	163	31	13	grp3
ref2	35	N	1	T	|	5	ref2_grp3_p001	163	31	13	grp3
ref2	36	N	1	T	|	6	ref2_grp3_p001	163	31	13	grp3
ref2	37	N	1	C	|	7	ref2_grp3_p001	163	31	13	grp3
ref2	38	N	1	C	|	8	ref2_grp3_p001	163	31	13	grp3
ref2	39	N	1	T	|	9	ref2_grp3_p001	163	31	13	grp3
ref2	40	N	1	G	|	10	ref2_grp3_p001	163	31	13	grp3
ref2	41	N	1	T	|	11	ref2_grp3_p001	163	31	13	grp3
ref2	42	N	1	G	|	12	ref2_grp3_p001	163	31	13	grp3
ref2	43	N	1	T	|	13	ref2_grp3_p001	163	31	13	grp3
ref2	44	N	1	G	|	14	ref2_grp3_p001	163	31	13	grp3
ref2	45	N	1	A$	|	15	ref2_grp3_p001	163	31	13	grp3
ref2	46	N	1	^~C	{	1	ref2_grp3_p002	99	46	0	grp3
ref2	47	N	1	T	{	2	ref2_grp3_p002	99	46	0	grp3
ref2	48	N	1	G	{	3	ref2_grp3_p002	99	46	0	grp3
ref2	49	N	1	T	{	4	ref2_grp3_p002	99	46	0	grp3
ref2	50	N	1	T	{	5	ref2_grp3_p002	99	46	0	grp3
ref2	51	N	1	T	{	6	ref2_grp3_p002	99	46	0	grp3
ref2	52	N	1	C	{	7	ref2_grp3_p002	99	46	0	grp3
ref2	53	N	1	C	{	8	ref2_grp3_p002	99	46	0	grp3
ref2	54	N	1	T	{	9	ref2_grp3_p002	99	46	0	grp3
ref2	55	N	1	G	{	10	ref2_grp3_p002	99	46	0	grp3
ref2	56	N	1	T	{	11	ref2_grp3_p002	99	46	0	grp3
ref2	57	N	1	G	{	12	ref2_grp3_p002	99	46	0	grp3
ref2	58	N	1	T	{	13	ref2_grp3_p002	99	46	0	grp3
ref2	59	N	1	G	{	14	ref2_grp3_p002	99	46	0	grp3
ref2	60	N	1	A$	{	15	ref2_grp3_p002	99	46	0	grp3
