xx	8	N	1	n$	!	1	n	!
xx	9	N	0	*	*	1	n$	!
xx	10	N	0	*	*	0	*	*
xx	11	N	0	*	*	1	^"n	!
xx	12	N	0	*	*	1	n	!
xx	13	N	1	^"n	!	1	n$	!
