xx	9	0
xx	10	0
xx	11	0
xx	12	0
xx	13	0
xx	14	0
xx	15	0
xx	16	0
xx	17	0
xx	18	0
xx	19	0
xx	20	0
