z	2	A	3	^!.^!.^!*	002
z	3	G	3	..*	112
z	4	C	3	...	222
z	5	T	3	..-3TAG.	333
z	6	T	3	.*.	474
z	7	A	3	.*.	575
z	8	G	3	.*.	676
z	9	C	3	...	777
z	10	A	3	...-2GG	888
z	11	G	3	..*	99!
z	12	G	3	.$.$*$	00!
