z	2	A	5	^!.^!.^!.^!*^!*	000AB
z	3	G	5	...*+2AA*+2*A	111AB
z	4	C	5	.....	22222
z	5	T	5	.....	33333
z	6	T	5	.....	44444
z	7	A	5	.....	55555
z	8	G	5	.-2CA.-2CA.-2CA..	66666
z	9	C	5	***..	AAB77
z	10	A	5	*+2TT*+2TT$*+2*T$..	AAB88
z	11	G	3	...	999
z	12	G	3	..$.$	000
z	13	T	1	C$	1
