z	2	A	3	^!.^!.^!.	000
z	3	G	3	...	111
z	4	C	3	...	222
z	5	T	3	..+3CCC.	333
z	6	T	3	...	444
z	7	A	3	...	555
z	8	G	3	...	666
z	9	C	3	...	777
z	10	A	3	...	888
z	11	G	3	...	999
z	12	G	3	.$.$.+2=A$	000
