z	2	A	3	^!,^!,^!,	000
z	3	G	3	,,,	111
z	4	C	5	,,,^!#^!#	22244
z	5	T	5	,,,##	33344
z	6	T	5	,,,,,	44444
z	7	A	5	,,,,,	55555
z	8	G	5	,+2tt-2ca,+2tt-2ca,+2#t-2ca,,	66666
z	9	C	5	###,,	9!!77
z	10	A	5	##$#$,,	9!!88
z	11	G	3	,,,	999
z	12	G	3	,,$,$	000
z	13	T	1	c$	1
