z	1	T	6	^!.^!.^!.^!.^!.^!.	AAAAAA
z	2	A	6	......	BBBBBB
z	3	G	6	......	CCCCCC
z	4	C	6	.+2AA-5TTAGC.+2A*-5TTAGC.+2*A-5TTAGC.+2AA.+2A*.+2*A	DDDDDD
z	5	T	6	***>>>	GHGGHG
z	6	T	6	***>>>	GHGGHG
z	7	A	6	***>>>	GHGGHG
z	8	G	6	***>>>	GHGGHG
z	9	C	6	*+2TT*+2*T*+2T*>+2TT>+2*T>+2T*	GHGGHG
z	10	A	6	......	IIIIII
z	11	G	6	......	JJJJJJ
z	12	G	6	......	KKKKKK
z	13	T	6	.$.$.$.$.$.$	LLLLLL
