z	2	A	5	^!.^!.^!.^!.^!.	00000
z	3	G	5	.....	11111
z	4	C	5	.....	22222
z	5	T	5	.....	33333
z	6	T	5	..+4GGCC.+4GG**.+4*GC*.+4**CC	44444
z	7	A	5	.....	55555
z	8	G	5	.....	66666
z	9	C	5	.....	77777
z	10	A	5	.....	88888
z	11	G	5	.$.$.$.$.$	99999
