x7	0	ref2	1	30	20M	*	0	0	AGGTTTTATAAAACAAATAA	*	RG:Z:cow	PG:Z:bull
x8	0	ref2	2	30	21M	*	0	0	GGTTTTATAAAACAAATAATT	?????????????????????	RG:Z:cow	PG:Z:bull
x9	0	ref2	6	30	9M4I13M	*	0	0	TTATAAAACAAATAATTAAGTCTACA	??????????????????????????	RG:Z:cow	PG:Z:bull
x10	0	ref2	10	30	25M	*	0	0	CAAATAATTAAGTCTACAGAGCAAC	?????????????????????????	RG:Z:cow	PG:Z:bull
x11	0	ref2	12	30	24M	*	0	0	AATAATTAAGTCTACAGAGCAACT	????????????????????????	RG:Z:cow	PG:Z:bull
x12	0	ref2	14	30	23M	*	0	0	TAATTAAGTCTACAGAGCAACTA	???????????????????????	RG:Z:cow	PG:Z:bull
